
D:\Dev\pdv\src\app\app\cardapio\page.tsx
   94:5   error  Error: Calling setState synchronously within an effect can trigger cascading renders

Effects are intended to synchronize state between React and external systems such as manually updating the DOM, state management libraries, or other platform APIs. In general, the body of an effect should do one or both of the following:
* Update external systems with the latest state from React.
* Subscribe for updates from some external system, calling setState in a callback function when external state changes.

Calling setState synchronously within an effect body causes cascading renders that can hurt performance, and is not recommended. (https://react.dev/learn/you-might-not-need-an-effect).

D:\Dev\pdv\src\app\app\cardapio\page.tsx:94:5
  92 |
  93 |   useEffect(() => {
> 94 |     loadMenu();
     |     ^^^^^^^^ Avoid calling setState() directly within an effect
  95 |   }, []); // Only once on mount
  96 |
  97 |   // ÔöÇÔöÇÔöÇ Product Actions ÔöÇÔöÇÔöÇÔöÇÔöÇÔöÇÔöÇÔöÇÔöÇÔöÇÔöÇÔöÇÔöÇÔöÇÔöÇÔöÇÔöÇÔöÇÔöÇÔöÇÔöÇÔöÇÔöÇÔöÇÔöÇÔöÇÔöÇÔöÇÔöÇÔöÇÔöÇÔöÇÔöÇ  react-hooks/set-state-in-effect
  480:12  error  'CategoryList' is not defined                                                                                                                                                                                                                                                                                                                                                                                                                                                                                                                                                                                                                                                                                                                                                                                                                                                                                                                                                                                     react/jsx-no-undef

Ô£û 2 problems (2 errors, 0 warnings)

